// Jest Snapshot v1, https://goo.gl/fbAQLP

exports[`Calculator component rendered correctly 1`] = `
<div
  className="wrapper"
>
  <div
    className="row1"
  >
    0
  </div>
  <div
    className="row2"
  >
    <div
      className="row2-col1"
      onClick={[Function]}
      role="presentation"
    >
      AC
    </div>
    <div
      className="row2-col2"
      onClick={[Function]}
      role="presentation"
    >
      +/-
    </div>
    <div
      className="row2-col3"
      onClick={[Function]}
      role="presentation"
    >
      %
    </div>
    <div
      className="row2-col4"
      onClick={[Function]}
      role="presentation"
    >
      รท
    </div>
  </div>
  <div
    className="row3"
  >
    <div
      className="row3-col1"
      onClick={[Function]}
      role="presentation"
    >
      7
    </div>
    <div
      className="row3-col2"
      onClick={[Function]}
      role="presentation"
    >
      8
    </div>
    <div
      className="row3-col3"
      onClick={[Function]}
      role="presentation"
    >
      9
    </div>
    <div
      className="row3-col4"
      onClick={[Function]}
      role="presentation"
    >
      x
    </div>
  </div>
  <div
    className="row4"
  >
    <div
      className="row4-col1"
      onClick={[Function]}
      role="presentation"
    >
      4
    </div>
    <div
      className="row4-col2"
      onClick={[Function]}
      role="presentation"
    >
      5
    </div>
    <div
      className="row4-col3"
      onClick={[Function]}
      role="presentation"
    >
      6
    </div>
    <div
      className="row4-col4"
      onClick={[Function]}
      role="presentation"
    >
      -
    </div>
  </div>
  <div
    className="row5"
  >
    <div
      className="row5-col1"
      onClick={[Function]}
      role="presentation"
    >
      1
    </div>
    <div
      className="row5-col2"
      onClick={[Function]}
      role="presentation"
    >
      2
    </div>
    <div
      className="row5-col3"
      onClick={[Function]}
      role="presentation"
    >
      3
    </div>
    <div
      className="row5-col4"
      onClick={[Function]}
      role="presentation"
    >
      +
    </div>
  </div>
  <div
    className="row6"
  >
    <div
      className="row6-col1"
      onClick={[Function]}
      role="presentation"
    >
      0
    </div>
    <div
      className="row6-col2"
      onClick={[Function]}
      role="presentation"
    >
      .
    </div>
    <div
      className="row6-col3"
      onClick={[Function]}
      role="presentation"
    >
      =
    </div>
  </div>
</div>
`;
