// Jest Snapshot v1, https://goo.gl/fbAQLP

exports[`Homepage component rendered correctly 1`] = `
<div
  className="home-page"
>
  <h1>
    Welcome to our page!
  </h1>
  <p>
    Lorem ipsum dolor sit amet consectetur adipisicing elit. Quod optio non quidem nihil officia a error, magnam praesentium dolorum, ipsam suscipit. Voluptatem, iusto? Et commodi eaque aliquam, vero assumenda nam quod dolor nemo, facilis delectus autem magni quia temporibus voluptatum.
  </p>
  <p>
    Lorem ipsum dolor sit amet consectetur adipisicing elit. Quod optio non quidem nihil officia a error, magnam praesentium dolorum, ipsam suscipit. Voluptatem, iusto? Et commodi eaque aliquam, vero assumenda nam quod dolor nemo, facilis delectus autem magni quia temporibus voluptatum.
  </p>
</div>
`;
